<html>
<body>
<pre>
<h1>µVision Build Log</h1>
<h2>Tool Versions:</h2>
IDE-Version: £gVision V5.38.0.0
Copyright (C) 2022 ARM Ltd and ARM Germany GmbH. All rights reserved.
License Information: yawen wu, ntut lab612, LIC=IK1BF-6PSY0-RALDM-X4IZI-HME3F-XY9IC
 
Tool Versions:
Toolchain:       MDK-ARM Plus  Version: 5.38.0.0
Toolchain Path:  C:\Keil_v5\ARM\ARMCLANG\Bin
C Compiler:      ArmClang.exe V6.19
Assembler:       Armasm.exe V6.19
Linker/Locator:  ArmLink.exe V6.19
Library Manager: ArmAr.exe V6.19
Hex Converter:   FromElf.exe V6.19
CPU DLL:         SARMCM3.DLL V5.38.0.0
Dialog DLL:      DCM.DLL V1.17.5.0
Target DLL:      STLink\ST-LINKIII-KEIL_SWO.dll V3.1.0.0
Dialog DLL:      TCM.DLL V1.56.4.0
 
<h2>Project:</h2>
D:\data\ADC_Ryan\MDK-ARM\ADC_Ryan.uvprojx
Project File Date:  03/27/2024

<h2>Output:</h2>
*** Using Compiler 'V6.19', folder: 'C:\Keil_v5\ARM\ARMCLANG\Bin'
Build target 'ADC_Ryan'
assembling startup_stm32l432xx.s...
compiling stm32l4xx_hal_rcc.c...
compiling can.c...
compiling stm32l4xx_hal_msp.c...
compiling adc.c...
compiling stm32l4xx_hal_flash.c...
compiling stm32l4xx_hal.c...
compiling stm32l4xx_hal_rcc_ex.c...
compiling stm32l4xx_it.c...
compiling tim.c...
compiling stm32l4xx_hal_flash_ex.c...
compiling stm32l4xx_hal_adc.c...
compiling gpio.c...
compiling stm32l4xx_hal_adc_ex.c...
compiling main.c...
compiling stm32l4xx_hal_flash_ramfunc.c...
compiling stm32l4xx_hal_i2c.c...
compiling stm32l4xx_hal_gpio.c...
compiling stm32l4xx_hal_i2c_ex.c...
compiling stm32l4xx_hal_dma_ex.c...
compiling stm32l4xx_hal_dma.c...
compiling stm32l4xx_hal_tim_ex.c...
compiling system_stm32l4xx.c...
compiling stm32l4xx_hal_exti.c...
compiling stm32l4xx_hal_can.c...
compiling stm32l4xx_hal_pwr.c...
compiling stm32l4xx_hal_cortex.c...
compiling stm32l4xx_hal_pwr_ex.c...
compiling stm32l4xx_hal_tim.c...
linking...
Program Size: Code=11124 RO-data=492 RW-data=12 ZI-data=1876  
FromELF: creating hex file...
"ADC_Ryan\ADC_Ryan.axf" - 0 Error(s), 0 Warning(s).

<h2>Software Packages used:</h2>

Package Vendor: ARM
                http://www.keil.com/pack/ARM.CMSIS.5.9.0.pack
                ARM.CMSIS.5.9.0
                CMSIS (Common Microcontroller Software Interface Standard)
   * Component: CORE Version: 5.6.0

Package Vendor: Keil
                https://www.keil.com/pack/Keil.STM32L4xx_DFP.2.6.2.pack
                Keil.STM32L4xx_DFP.2.6.2
                STMicroelectronics STM32L4 Series Device Support, Drivers and Examples

<h2>Collection of Component include folders:</h2>
  ./RTE/_ADC_Ryan
  C:/Users/lab612/AppData/Local/Arm/Packs/ARM/CMSIS/5.9.0/CMSIS/Core/Include
  C:/Users/lab612/AppData/Local/Arm/Packs/Keil/STM32L4xx_DFP/2.6.2/Drivers/CMSIS/Device/ST/STM32L4xx/Include

<h2>Collection of Component Files used:</h2>

   * Component: ARM::CMSIS:CORE:5.6.0
      Include file:  CMSIS/Core/Include/tz_context.h
Build Time Elapsed:  00:00:04
</pre>
</body>
</html>
